מתחיל בדיקת לינקים יתומים...

יתום: ביאור הרדל על פרקי דרבי אליעזר_links.json  (חסר TXT לבסיס 'ביאור הרדל על פרקי דרבי אליעזר')
יתום: בנין עולם_links.json  (חסר TXT לבסיס 'בנין עולם')
יתום: הלכות קטנות_links.json  (חסר TXT לבסיס 'הלכות קטנות')
יש התאמה: השפעה; הלימוד המרכזי של הקבלה_links.json -> אוצריא\קבלה\בעל הסולם\השפעה; הלימוד המרכזי של הקבלה\השפעה; הלימוד המרכזי של הקבלה.txt
יש התאמה: כלי חמדה על התורה_links.json -> אוצריא\תנך\אחרונים\כלי חמדה על התורה\כלי חמדה על התורה.txt
יש התאמה: משנת ארץ ישראל, מבוא_links.json -> אוצריא\משנה\מחברי זמננו\משנת ארץ ישראל\משנת ארץ ישראל, מבוא\משנת ארץ ישראל, מבוא.txt
יש התאמה: ספר המליצה_links.json -> אוצריא\מחשבת ישראל\אחרונים\ספר המליצה.txt
יתום: פירושי רדצ הופמן על שמות_links.json  (חסר TXT לבסיס 'פירושי רדצ הופמן על שמות')
יתום: רשימות שיעורים על הוריות_links.json  (חסר TXT לבסיס 'רשימות שיעורים על הוריות')
יתום: רשימות שיעורים על סנהדרין_links.json  (חסר TXT לבסיס 'רשימות שיעורים על סנהדרין')
יתום: שערי תורת ארץ ישראל על תלמוד ירושלמי בבא בתרא_links.json  (חסר TXT לבסיס 'שערי תורת ארץ ישראל על תלמוד ירושלמי בבא בתרא')
יתום: שערי תורת ארץ ישראל על תלמוד ירושלמי ברכות_links.json  (חסר TXT לבסיס 'שערי תורת ארץ ישראל על תלמוד ירושלמי ברכות')
יתום: שערי תורת ארץ ישראל על תלמוד ירושלמי גיטין_links.json  (חסר TXT לבסיס 'שערי תורת ארץ ישראל על תלמוד ירושלמי גיטין')
יתום: שערי תורת ארץ ישראל על תלמוד ירושלמי דמאי_links.json  (חסר TXT לבסיס 'שערי תורת ארץ ישראל על תלמוד ירושלמי דמאי')
יתום: שערי תורת ארץ ישראל על תלמוד ירושלמי הוריות_links.json  (חסר TXT לבסיס 'שערי תורת ארץ ישראל על תלמוד ירושלמי הוריות')
יתום: שערי תורת ארץ ישראל על תלמוד ירושלמי יומא_links.json  (חסר TXT לבסיס 'שערי תורת ארץ ישראל על תלמוד ירושלמי יומא')
יתום: שערי תורת ארץ ישראל על תלמוד ירושלמי כלאים_links.json  (חסר TXT לבסיס 'שערי תורת ארץ ישראל על תלמוד ירושלמי כלאים')
יתום: שערי תורת ארץ ישראל על תלמוד ירושלמי מועד קטן_links.json  (חסר TXT לבסיס 'שערי תורת ארץ ישראל על תלמוד ירושלמי מועד קטן')
יתום: שערי תורת ארץ ישראל על תלמוד ירושלמי מעשרות_links.json  (חסר TXT לבסיס 'שערי תורת ארץ ישראל על תלמוד ירושלמי מעשרות')
יתום: שערי תורת ארץ ישראל על תלמוד ירושלמי סוטה_links.json  (חסר TXT לבסיס 'שערי תורת ארץ ישראל על תלמוד ירושלמי סוטה')
יתום: שערי תורת ארץ ישראל על תלמוד ירושלמי סנהדרין_links.json  (חסר TXT לבסיס 'שערי תורת ארץ ישראל על תלמוד ירושלמי סנהדרין')
יתום: שערי תורת ארץ ישראל על תלמוד ירושלמי עירובין_links.json  (חסר TXT לבסיס 'שערי תורת ארץ ישראל על תלמוד ירושלמי עירובין')
יתום: שערי תורת ארץ ישראל על תלמוד ירושלמי ערלה_links.json  (חסר TXT לבסיס 'שערי תורת ארץ ישראל על תלמוד ירושלמי ערלה')
יתום: שערי תורת ארץ ישראל על תלמוד ירושלמי פסחים_links.json  (חסר TXT לבסיס 'שערי תורת ארץ ישראל על תלמוד ירושלמי פסחים')
יתום: שערי תורת ארץ ישראל על תלמוד ירושלמי קידושין_links.json  (חסר TXT לבסיס 'שערי תורת ארץ ישראל על תלמוד ירושלמי קידושין')
יתום: שערי תורת ארץ ישראל על תלמוד ירושלמי ראש השנה_links.json  (חסר TXT לבסיס 'שערי תורת ארץ ישראל על תלמוד ירושלמי ראש השנה')
יתום: שערי תורת ארץ ישראל על תלמוד ירושלמי שביעית_links.json  (חסר TXT לבסיס 'שערי תורת ארץ ישראל על תלמוד ירושלמי שביעית')
יתום: שערי תורת ארץ ישראל על תלמוד ירושלמי שבת_links.json  (חסר TXT לבסיס 'שערי תורת ארץ ישראל על תלמוד ירושלמי שבת')
יתום: שערי תורת ארץ ישראל על תלמוד ירושלמי תרומות_links.json  (חסר TXT לבסיס 'שערי תורת ארץ ישראל על תלמוד ירושלמי תרומות')
יתום: שערי תורת בבל על אבות דרבי נתן_links.json  (חסר TXT לבסיס 'שערי תורת בבל על אבות דרבי נתן')
יתום: שערי תורת בבל על בבא בתרא_links.json  (חסר TXT לבסיס 'שערי תורת בבל על בבא בתרא')
יתום: שערי תורת בבל על בבא מציעא_links.json  (חסר TXT לבסיס 'שערי תורת בבל על בבא מציעא')
יתום: שערי תורת בבל על בבא קמא_links.json  (חסר TXT לבסיס 'שערי תורת בבל על בבא קמא')
יתום: שערי תורת בבל על ביצה_links.json  (חסר TXT לבסיס 'שערי תורת בבל על ביצה')
יתום: שערי תורת בבל על בכורות_links.json  (חסר TXT לבסיס 'שערי תורת בבל על בכורות')
יתום: שערי תורת בבל על ברכות_links.json  (חסר TXT לבסיס 'שערי תורת בבל על ברכות')
יתום: שערי תורת בבל על גיטין_links.json  (חסר TXT לבסיס 'שערי תורת בבל על גיטין')
יתום: שערי תורת בבל על זבחים_links.json  (חסר TXT לבסיס 'שערי תורת בבל על זבחים')
יתום: שערי תורת בבל על חגיגה_links.json  (חסר TXT לבסיס 'שערי תורת בבל על חגיגה')
יתום: שערי תורת בבל על חולין_links.json  (חסר TXT לבסיס 'שערי תורת בבל על חולין')
יתום: שערי תורת בבל על יבמות_links.json  (חסר TXT לבסיס 'שערי תורת בבל על יבמות')
יתום: שערי תורת בבל על יומא_links.json  (חסר TXT לבסיס 'שערי תורת בבל על יומא')
יתום: שערי תורת בבל על כריתות_links.json  (חסר TXT לבסיס 'שערי תורת בבל על כריתות')
יתום: שערי תורת בבל על כתובות_links.json  (חסר TXT לבסיס 'שערי תורת בבל על כתובות')
יתום: שערי תורת בבל על מגילה_links.json  (חסר TXT לבסיס 'שערי תורת בבל על מגילה')
יתום: שערי תורת בבל על מועד קטן_links.json  (חסר TXT לבסיס 'שערי תורת בבל על מועד קטן')
יתום: שערי תורת בבל על מכות_links.json  (חסר TXT לבסיס 'שערי תורת בבל על מכות')
יתום: שערי תורת בבל על מנחות_links.json  (חסר TXT לבסיס 'שערי תורת בבל על מנחות')
יתום: שערי תורת בבל על מסכת דרך ארץ זוטא_links.json  (חסר TXT לבסיס 'שערי תורת בבל על מסכת דרך ארץ זוטא')
יתום: שערי תורת בבל על מסכת סופרים_links.json  (חסר TXT לבסיס 'שערי תורת בבל על מסכת סופרים')
יתום: שערי תורת בבל על מעילה_links.json  (חסר TXT לבסיס 'שערי תורת בבל על מעילה')
יתום: שערי תורת בבל על משנה אהלות_links.json  (חסר TXT לבסיס 'שערי תורת בבל על משנה אהלות')
יתום: שערי תורת בבל על משנה דמאי_links.json  (חסר TXT לבסיס 'שערי תורת בבל על משנה דמאי')
יתום: שערי תורת בבל על משנה טהרות_links.json  (חסר TXT לבסיס 'שערי תורת בבל על משנה טהרות')
יתום: שערי תורת בבל על משנה כלאים_links.json  (חסר TXT לבסיס 'שערי תורת בבל על משנה כלאים')
יתום: שערי תורת בבל על משנה כלים_links.json  (חסר TXT לבסיס 'שערי תורת בבל על משנה כלים')
יתום: שערי תורת בבל על משנה נגעים_links.json  (חסר TXT לבסיס 'שערי תורת בבל על משנה נגעים')
יתום: שערי תורת בבל על משנה עוקצים_links.json  (חסר TXT לבסיס 'שערי תורת בבל על משנה עוקצים')
יתום: שערי תורת בבל על משנה פרה_links.json  (חסר TXT לבסיס 'שערי תורת בבל על משנה פרה')
יתום: שערי תורת בבל על משנה קינים_links.json  (חסר TXT לבסיס 'שערי תורת בבל על משנה קינים')
יתום: שערי תורת בבל על משנה שביעית_links.json  (חסר TXT לבסיס 'שערי תורת בבל על משנה שביעית')
יתום: שערי תורת בבל על נדה_links.json  (חסר TXT לבסיס 'שערי תורת בבל על נדה')
יתום: שערי תורת בבל על נדרים_links.json  (חסר TXT לבסיס 'שערי תורת בבל על נדרים')
יתום: שערי תורת בבל על נזיר_links.json  (חסר TXT לבסיס 'שערי תורת בבל על נזיר')
יתום: שערי תורת בבל על סוטה_links.json  (חסר TXT לבסיס 'שערי תורת בבל על סוטה')
יתום: שערי תורת בבל על סוכה_links.json  (חסר TXT לבסיס 'שערי תורת בבל על סוכה')
יתום: שערי תורת בבל על סנהדרין_links.json  (חסר TXT לבסיס 'שערי תורת בבל על סנהדרין')
יתום: שערי תורת בבל על עבודה זרה_links.json  (חסר TXT לבסיס 'שערי תורת בבל על עבודה זרה')
יתום: שערי תורת בבל על עירובין_links.json  (חסר TXT לבסיס 'שערי תורת בבל על עירובין')
יתום: שערי תורת בבל על פסחים_links.json  (חסר TXT לבסיס 'שערי תורת בבל על פסחים')
יתום: שערי תורת בבל על קידושין_links.json  (חסר TXT לבסיס 'שערי תורת בבל על קידושין')
יתום: שערי תורת בבל על ראש השנה_links.json  (חסר TXT לבסיס 'שערי תורת בבל על ראש השנה')
יתום: שערי תורת בבל על שבועות_links.json  (חסר TXT לבסיס 'שערי תורת בבל על שבועות')
יתום: שערי תורת בבל על שבת_links.json  (חסר TXT לבסיס 'שערי תורת בבל על שבת')
יתום: שערי תורת בבל על תמורה_links.json  (חסר TXT לבסיס 'שערי תורת בבל על תמורה')
יתום: שערי תורת בבל על תמיד_links.json  (חסר TXT לבסיס 'שערי תורת בבל על תמיד')
יתום: שערי תורת בבל על תענית_links.json  (חסר TXT לבסיס 'שערי תורת בבל על תענית')
יתום: תוספות הראש על קידושין_links.json  (חסר TXT לבסיס 'תוספות הראש על קידושין')
============================================================
JSON נסרקו: 78
עם התאמה: 4
יתומים: 74
יתומים שנמחקו: 0
התאמות מרובות לאותו בסיס: 0
שגיאות: 0
מצב DRY_RUN: False, מחיקת יתומים: False
CSV: D:\Users\Administrator\Documents\otzaria-library\sefariaToOtzaria\sefaria_api\links\logs\orphan_links_check_REAL_20251021_153905.csv
============================================================
