מתחיל בדיקת לינקים יתומים...

יתום: ביאור הרדל על פרקי דרבי אליעזר_links.json  (חסר TXT לבסיס 'ביאור הרדל על פרקי דרבי אליעזר')
[DRY] ימחק JSON יתום: ביאור הרדל על פרקי דרבי אליעזר_links.json
יתום: בנין עולם_links.json  (חסר TXT לבסיס 'בנין עולם')
[DRY] ימחק JSON יתום: בנין עולם_links.json
יתום: הלכות קטנות_links.json  (חסר TXT לבסיס 'הלכות קטנות')
[DRY] ימחק JSON יתום: הלכות קטנות_links.json
יש התאמה: השפעה; הלימוד המרכזי של הקבלה_links.json -> אוצריא\קבלה\בעל הסולם\השפעה; הלימוד המרכזי של הקבלה\השפעה; הלימוד המרכזי של הקבלה.txt
יש התאמה: כלי חמדה על התורה_links.json -> אוצריא\תנך\אחרונים\כלי חמדה על התורה\כלי חמדה על התורה.txt
יש התאמה: משנת ארץ ישראל, מבוא_links.json -> אוצריא\משנה\מחברי זמננו\משנת ארץ ישראל\משנת ארץ ישראל, מבוא\משנת ארץ ישראל, מבוא.txt
יש התאמה: ספר המליצה_links.json -> אוצריא\מחשבת ישראל\אחרונים\ספר המליצה.txt
יתום: פירושי רדצ הופמן על שמות_links.json  (חסר TXT לבסיס 'פירושי רדצ הופמן על שמות')
[DRY] ימחק JSON יתום: פירושי רדצ הופמן על שמות_links.json
יתום: רשימות שיעורים על הוריות_links.json  (חסר TXT לבסיס 'רשימות שיעורים על הוריות')
[DRY] ימחק JSON יתום: רשימות שיעורים על הוריות_links.json
יתום: רשימות שיעורים על סנהדרין_links.json  (חסר TXT לבסיס 'רשימות שיעורים על סנהדרין')
[DRY] ימחק JSON יתום: רשימות שיעורים על סנהדרין_links.json
יתום: שערי תורת ארץ ישראל על תלמוד ירושלמי בבא בתרא_links.json  (חסר TXT לבסיס 'שערי תורת ארץ ישראל על תלמוד ירושלמי בבא בתרא')
[DRY] ימחק JSON יתום: שערי תורת ארץ ישראל על תלמוד ירושלמי בבא בתרא_links.json
יתום: שערי תורת ארץ ישראל על תלמוד ירושלמי ברכות_links.json  (חסר TXT לבסיס 'שערי תורת ארץ ישראל על תלמוד ירושלמי ברכות')
[DRY] ימחק JSON יתום: שערי תורת ארץ ישראל על תלמוד ירושלמי ברכות_links.json
יתום: שערי תורת ארץ ישראל על תלמוד ירושלמי גיטין_links.json  (חסר TXT לבסיס 'שערי תורת ארץ ישראל על תלמוד ירושלמי גיטין')
[DRY] ימחק JSON יתום: שערי תורת ארץ ישראל על תלמוד ירושלמי גיטין_links.json
יתום: שערי תורת ארץ ישראל על תלמוד ירושלמי דמאי_links.json  (חסר TXT לבסיס 'שערי תורת ארץ ישראל על תלמוד ירושלמי דמאי')
[DRY] ימחק JSON יתום: שערי תורת ארץ ישראל על תלמוד ירושלמי דמאי_links.json
יתום: שערי תורת ארץ ישראל על תלמוד ירושלמי הוריות_links.json  (חסר TXT לבסיס 'שערי תורת ארץ ישראל על תלמוד ירושלמי הוריות')
[DRY] ימחק JSON יתום: שערי תורת ארץ ישראל על תלמוד ירושלמי הוריות_links.json
יתום: שערי תורת ארץ ישראל על תלמוד ירושלמי יומא_links.json  (חסר TXT לבסיס 'שערי תורת ארץ ישראל על תלמוד ירושלמי יומא')
[DRY] ימחק JSON יתום: שערי תורת ארץ ישראל על תלמוד ירושלמי יומא_links.json
יתום: שערי תורת ארץ ישראל על תלמוד ירושלמי כלאים_links.json  (חסר TXT לבסיס 'שערי תורת ארץ ישראל על תלמוד ירושלמי כלאים')
[DRY] ימחק JSON יתום: שערי תורת ארץ ישראל על תלמוד ירושלמי כלאים_links.json
יתום: שערי תורת ארץ ישראל על תלמוד ירושלמי מועד קטן_links.json  (חסר TXT לבסיס 'שערי תורת ארץ ישראל על תלמוד ירושלמי מועד קטן')
[DRY] ימחק JSON יתום: שערי תורת ארץ ישראל על תלמוד ירושלמי מועד קטן_links.json
יתום: שערי תורת ארץ ישראל על תלמוד ירושלמי מעשרות_links.json  (חסר TXT לבסיס 'שערי תורת ארץ ישראל על תלמוד ירושלמי מעשרות')
[DRY] ימחק JSON יתום: שערי תורת ארץ ישראל על תלמוד ירושלמי מעשרות_links.json
יתום: שערי תורת ארץ ישראל על תלמוד ירושלמי סוטה_links.json  (חסר TXT לבסיס 'שערי תורת ארץ ישראל על תלמוד ירושלמי סוטה')
[DRY] ימחק JSON יתום: שערי תורת ארץ ישראל על תלמוד ירושלמי סוטה_links.json
יתום: שערי תורת ארץ ישראל על תלמוד ירושלמי סנהדרין_links.json  (חסר TXT לבסיס 'שערי תורת ארץ ישראל על תלמוד ירושלמי סנהדרין')
[DRY] ימחק JSON יתום: שערי תורת ארץ ישראל על תלמוד ירושלמי סנהדרין_links.json
יתום: שערי תורת ארץ ישראל על תלמוד ירושלמי עירובין_links.json  (חסר TXT לבסיס 'שערי תורת ארץ ישראל על תלמוד ירושלמי עירובין')
[DRY] ימחק JSON יתום: שערי תורת ארץ ישראל על תלמוד ירושלמי עירובין_links.json
יתום: שערי תורת ארץ ישראל על תלמוד ירושלמי ערלה_links.json  (חסר TXT לבסיס 'שערי תורת ארץ ישראל על תלמוד ירושלמי ערלה')
[DRY] ימחק JSON יתום: שערי תורת ארץ ישראל על תלמוד ירושלמי ערלה_links.json
יתום: שערי תורת ארץ ישראל על תלמוד ירושלמי פסחים_links.json  (חסר TXT לבסיס 'שערי תורת ארץ ישראל על תלמוד ירושלמי פסחים')
[DRY] ימחק JSON יתום: שערי תורת ארץ ישראל על תלמוד ירושלמי פסחים_links.json
יתום: שערי תורת ארץ ישראל על תלמוד ירושלמי קידושין_links.json  (חסר TXT לבסיס 'שערי תורת ארץ ישראל על תלמוד ירושלמי קידושין')
[DRY] ימחק JSON יתום: שערי תורת ארץ ישראל על תלמוד ירושלמי קידושין_links.json
יתום: שערי תורת ארץ ישראל על תלמוד ירושלמי ראש השנה_links.json  (חסר TXT לבסיס 'שערי תורת ארץ ישראל על תלמוד ירושלמי ראש השנה')
[DRY] ימחק JSON יתום: שערי תורת ארץ ישראל על תלמוד ירושלמי ראש השנה_links.json
יתום: שערי תורת ארץ ישראל על תלמוד ירושלמי שביעית_links.json  (חסר TXT לבסיס 'שערי תורת ארץ ישראל על תלמוד ירושלמי שביעית')
[DRY] ימחק JSON יתום: שערי תורת ארץ ישראל על תלמוד ירושלמי שביעית_links.json
יתום: שערי תורת ארץ ישראל על תלמוד ירושלמי שבת_links.json  (חסר TXT לבסיס 'שערי תורת ארץ ישראל על תלמוד ירושלמי שבת')
[DRY] ימחק JSON יתום: שערי תורת ארץ ישראל על תלמוד ירושלמי שבת_links.json
יתום: שערי תורת ארץ ישראל על תלמוד ירושלמי תרומות_links.json  (חסר TXT לבסיס 'שערי תורת ארץ ישראל על תלמוד ירושלמי תרומות')
[DRY] ימחק JSON יתום: שערי תורת ארץ ישראל על תלמוד ירושלמי תרומות_links.json
יתום: שערי תורת בבל על אבות דרבי נתן_links.json  (חסר TXT לבסיס 'שערי תורת בבל על אבות דרבי נתן')
[DRY] ימחק JSON יתום: שערי תורת בבל על אבות דרבי נתן_links.json
יתום: שערי תורת בבל על בבא בתרא_links.json  (חסר TXT לבסיס 'שערי תורת בבל על בבא בתרא')
[DRY] ימחק JSON יתום: שערי תורת בבל על בבא בתרא_links.json
יתום: שערי תורת בבל על בבא מציעא_links.json  (חסר TXT לבסיס 'שערי תורת בבל על בבא מציעא')
[DRY] ימחק JSON יתום: שערי תורת בבל על בבא מציעא_links.json
יתום: שערי תורת בבל על בבא קמא_links.json  (חסר TXT לבסיס 'שערי תורת בבל על בבא קמא')
[DRY] ימחק JSON יתום: שערי תורת בבל על בבא קמא_links.json
יתום: שערי תורת בבל על ביצה_links.json  (חסר TXT לבסיס 'שערי תורת בבל על ביצה')
[DRY] ימחק JSON יתום: שערי תורת בבל על ביצה_links.json
יתום: שערי תורת בבל על בכורות_links.json  (חסר TXT לבסיס 'שערי תורת בבל על בכורות')
[DRY] ימחק JSON יתום: שערי תורת בבל על בכורות_links.json
יתום: שערי תורת בבל על ברכות_links.json  (חסר TXT לבסיס 'שערי תורת בבל על ברכות')
[DRY] ימחק JSON יתום: שערי תורת בבל על ברכות_links.json
יתום: שערי תורת בבל על גיטין_links.json  (חסר TXT לבסיס 'שערי תורת בבל על גיטין')
[DRY] ימחק JSON יתום: שערי תורת בבל על גיטין_links.json
יתום: שערי תורת בבל על זבחים_links.json  (חסר TXT לבסיס 'שערי תורת בבל על זבחים')
[DRY] ימחק JSON יתום: שערי תורת בבל על זבחים_links.json
יתום: שערי תורת בבל על חגיגה_links.json  (חסר TXT לבסיס 'שערי תורת בבל על חגיגה')
[DRY] ימחק JSON יתום: שערי תורת בבל על חגיגה_links.json
יתום: שערי תורת בבל על חולין_links.json  (חסר TXT לבסיס 'שערי תורת בבל על חולין')
[DRY] ימחק JSON יתום: שערי תורת בבל על חולין_links.json
יתום: שערי תורת בבל על יבמות_links.json  (חסר TXT לבסיס 'שערי תורת בבל על יבמות')
[DRY] ימחק JSON יתום: שערי תורת בבל על יבמות_links.json
יתום: שערי תורת בבל על יומא_links.json  (חסר TXT לבסיס 'שערי תורת בבל על יומא')
[DRY] ימחק JSON יתום: שערי תורת בבל על יומא_links.json
יתום: שערי תורת בבל על כריתות_links.json  (חסר TXT לבסיס 'שערי תורת בבל על כריתות')
[DRY] ימחק JSON יתום: שערי תורת בבל על כריתות_links.json
יתום: שערי תורת בבל על כתובות_links.json  (חסר TXT לבסיס 'שערי תורת בבל על כתובות')
[DRY] ימחק JSON יתום: שערי תורת בבל על כתובות_links.json
יתום: שערי תורת בבל על מגילה_links.json  (חסר TXT לבסיס 'שערי תורת בבל על מגילה')
[DRY] ימחק JSON יתום: שערי תורת בבל על מגילה_links.json
יתום: שערי תורת בבל על מועד קטן_links.json  (חסר TXT לבסיס 'שערי תורת בבל על מועד קטן')
[DRY] ימחק JSON יתום: שערי תורת בבל על מועד קטן_links.json
יתום: שערי תורת בבל על מכות_links.json  (חסר TXT לבסיס 'שערי תורת בבל על מכות')
[DRY] ימחק JSON יתום: שערי תורת בבל על מכות_links.json
יתום: שערי תורת בבל על מנחות_links.json  (חסר TXT לבסיס 'שערי תורת בבל על מנחות')
[DRY] ימחק JSON יתום: שערי תורת בבל על מנחות_links.json
יתום: שערי תורת בבל על מסכת דרך ארץ זוטא_links.json  (חסר TXT לבסיס 'שערי תורת בבל על מסכת דרך ארץ זוטא')
[DRY] ימחק JSON יתום: שערי תורת בבל על מסכת דרך ארץ זוטא_links.json
יתום: שערי תורת בבל על מסכת סופרים_links.json  (חסר TXT לבסיס 'שערי תורת בבל על מסכת סופרים')
[DRY] ימחק JSON יתום: שערי תורת בבל על מסכת סופרים_links.json
יתום: שערי תורת בבל על מעילה_links.json  (חסר TXT לבסיס 'שערי תורת בבל על מעילה')
[DRY] ימחק JSON יתום: שערי תורת בבל על מעילה_links.json
יתום: שערי תורת בבל על משנה אהלות_links.json  (חסר TXT לבסיס 'שערי תורת בבל על משנה אהלות')
[DRY] ימחק JSON יתום: שערי תורת בבל על משנה אהלות_links.json
יתום: שערי תורת בבל על משנה דמאי_links.json  (חסר TXT לבסיס 'שערי תורת בבל על משנה דמאי')
[DRY] ימחק JSON יתום: שערי תורת בבל על משנה דמאי_links.json
יתום: שערי תורת בבל על משנה טהרות_links.json  (חסר TXT לבסיס 'שערי תורת בבל על משנה טהרות')
[DRY] ימחק JSON יתום: שערי תורת בבל על משנה טהרות_links.json
יתום: שערי תורת בבל על משנה כלאים_links.json  (חסר TXT לבסיס 'שערי תורת בבל על משנה כלאים')
[DRY] ימחק JSON יתום: שערי תורת בבל על משנה כלאים_links.json
יתום: שערי תורת בבל על משנה כלים_links.json  (חסר TXT לבסיס 'שערי תורת בבל על משנה כלים')
[DRY] ימחק JSON יתום: שערי תורת בבל על משנה כלים_links.json
יתום: שערי תורת בבל על משנה נגעים_links.json  (חסר TXT לבסיס 'שערי תורת בבל על משנה נגעים')
[DRY] ימחק JSON יתום: שערי תורת בבל על משנה נגעים_links.json
יתום: שערי תורת בבל על משנה עוקצים_links.json  (חסר TXT לבסיס 'שערי תורת בבל על משנה עוקצים')
[DRY] ימחק JSON יתום: שערי תורת בבל על משנה עוקצים_links.json
יתום: שערי תורת בבל על משנה פרה_links.json  (חסר TXT לבסיס 'שערי תורת בבל על משנה פרה')
[DRY] ימחק JSON יתום: שערי תורת בבל על משנה פרה_links.json
יתום: שערי תורת בבל על משנה קינים_links.json  (חסר TXT לבסיס 'שערי תורת בבל על משנה קינים')
[DRY] ימחק JSON יתום: שערי תורת בבל על משנה קינים_links.json
יתום: שערי תורת בבל על משנה שביעית_links.json  (חסר TXT לבסיס 'שערי תורת בבל על משנה שביעית')
[DRY] ימחק JSON יתום: שערי תורת בבל על משנה שביעית_links.json
יתום: שערי תורת בבל על נדה_links.json  (חסר TXT לבסיס 'שערי תורת בבל על נדה')
[DRY] ימחק JSON יתום: שערי תורת בבל על נדה_links.json
יתום: שערי תורת בבל על נדרים_links.json  (חסר TXT לבסיס 'שערי תורת בבל על נדרים')
[DRY] ימחק JSON יתום: שערי תורת בבל על נדרים_links.json
יתום: שערי תורת בבל על נזיר_links.json  (חסר TXT לבסיס 'שערי תורת בבל על נזיר')
[DRY] ימחק JSON יתום: שערי תורת בבל על נזיר_links.json
יתום: שערי תורת בבל על סוטה_links.json  (חסר TXT לבסיס 'שערי תורת בבל על סוטה')
[DRY] ימחק JSON יתום: שערי תורת בבל על סוטה_links.json
יתום: שערי תורת בבל על סוכה_links.json  (חסר TXT לבסיס 'שערי תורת בבל על סוכה')
[DRY] ימחק JSON יתום: שערי תורת בבל על סוכה_links.json
יתום: שערי תורת בבל על סנהדרין_links.json  (חסר TXT לבסיס 'שערי תורת בבל על סנהדרין')
[DRY] ימחק JSON יתום: שערי תורת בבל על סנהדרין_links.json
יתום: שערי תורת בבל על עבודה זרה_links.json  (חסר TXT לבסיס 'שערי תורת בבל על עבודה זרה')
[DRY] ימחק JSON יתום: שערי תורת בבל על עבודה זרה_links.json
יתום: שערי תורת בבל על עירובין_links.json  (חסר TXT לבסיס 'שערי תורת בבל על עירובין')
[DRY] ימחק JSON יתום: שערי תורת בבל על עירובין_links.json
יתום: שערי תורת בבל על פסחים_links.json  (חסר TXT לבסיס 'שערי תורת בבל על פסחים')
[DRY] ימחק JSON יתום: שערי תורת בבל על פסחים_links.json
יתום: שערי תורת בבל על קידושין_links.json  (חסר TXT לבסיס 'שערי תורת בבל על קידושין')
[DRY] ימחק JSON יתום: שערי תורת בבל על קידושין_links.json
יתום: שערי תורת בבל על ראש השנה_links.json  (חסר TXT לבסיס 'שערי תורת בבל על ראש השנה')
[DRY] ימחק JSON יתום: שערי תורת בבל על ראש השנה_links.json
יתום: שערי תורת בבל על שבועות_links.json  (חסר TXT לבסיס 'שערי תורת בבל על שבועות')
[DRY] ימחק JSON יתום: שערי תורת בבל על שבועות_links.json
יתום: שערי תורת בבל על שבת_links.json  (חסר TXT לבסיס 'שערי תורת בבל על שבת')
[DRY] ימחק JSON יתום: שערי תורת בבל על שבת_links.json
יתום: שערי תורת בבל על תמורה_links.json  (חסר TXT לבסיס 'שערי תורת בבל על תמורה')
[DRY] ימחק JSON יתום: שערי תורת בבל על תמורה_links.json
יתום: שערי תורת בבל על תמיד_links.json  (חסר TXT לבסיס 'שערי תורת בבל על תמיד')
[DRY] ימחק JSON יתום: שערי תורת בבל על תמיד_links.json
יתום: שערי תורת בבל על תענית_links.json  (חסר TXT לבסיס 'שערי תורת בבל על תענית')
[DRY] ימחק JSON יתום: שערי תורת בבל על תענית_links.json
יתום: תוספות הראש על קידושין_links.json  (חסר TXT לבסיס 'תוספות הראש על קידושין')
[DRY] ימחק JSON יתום: תוספות הראש על קידושין_links.json
============================================================
JSON נסרקו: 78
עם התאמה: 4
יתומים: 74
יתומים שנמחקו: 0
התאמות מרובות לאותו בסיס: 0
שגיאות: 0
מצב DRY_RUN: True, מחיקת יתומים: True
CSV: D:\Users\Administrator\Documents\otzaria-library\sefariaToOtzaria\sefaria_api\links\logs\orphan_links_check_DRYRUN_20251021_153517.csv
============================================================
